      --------------------------------------------------  
                         Pin                       Cell   
      --------------------------------------------------  
                      Z80_INST/reg_file__g126/Q   ITHX1   
       Z80_INST/reg_file__cdn_loop_breaker195/A    BUX0   
       Z80_INST/reg_file__cdn_loop_breaker195/Q    BUX0   
                      Z80_INST/reg_file__g118/A   BTHX4   
                      Z80_INST/reg_file__g118/Q   BTHX4   
                               Z80_INST/g5692/A    INX1   
                               Z80_INST/g5692/Q    INX1   
                      Z80_INST/reg_file__g126/A   ITHX1   
                      Z80_INST/reg_file__g126/Q   ITHX1   
      --------------------------------------------------  
      --------------------------------------------------  
                         Pin                       Cell   
      --------------------------------------------------  
                      Z80_INST/reg_file__g170/Q   ITHX0   
       Z80_INST/reg_file__cdn_loop_breaker221/A    BUX0   
       Z80_INST/reg_file__cdn_loop_breaker221/Q    BUX0   
                      Z80_INST/reg_file__g178/A   BTHX1   
                      Z80_INST/reg_file__g178/Q   BTHX1   
                               Z80_INST/g5681/A    INX1   
                               Z80_INST/g5681/Q    INX1   
                      Z80_INST/reg_file__g170/A   ITHX0   
                      Z80_INST/reg_file__g170/Q   ITHX0   
      --------------------------------------------------  
      -----------------------------------------------------------  
                              Pin                           Cell   
      -----------------------------------------------------------  
       Z80_INST/FE_MDBC2_reg_file__cdn_loop_breaker220/A    BUX1   
       Z80_INST/FE_MDBC2_reg_file__cdn_loop_breaker220/Q    BUX1   
                                     Z80_INST/sw2__g15/A   BTHX0   
                                     Z80_INST/sw2__g15/Q   BTHX0   
                      Z80_INST/sw2__cdn_loop_breaker24/A    BUX0   
                      Z80_INST/sw2__cdn_loop_breaker24/Q    BUX0   
                                      Z80_INST/sw2__g7/A   BTHX1   
                                      Z80_INST/sw2__g7/Q   BTHX1   
       Z80_INST/FE_MDBC2_reg_file__cdn_loop_breaker220/A    BUX1   
      -----------------------------------------------------------  
      -------------------------------------------------------------  
                              Pin                           Cell     
      -------------------------------------------------------------  
       Z80_INST/FE_MDBC2_reg_file__cdn_loop_breaker220/A      BUX1   
       Z80_INST/FE_MDBC2_reg_file__cdn_loop_breaker220/Q      BUX1   
                                     Z80_INST/sw1__g15/A     BTHX1   
                                     Z80_INST/sw1__g15/Q     BTHX1   
                      Z80_INST/sw1__cdn_loop_breaker31/A      BUX0   
                      Z80_INST/sw1__cdn_loop_breaker31/Q      BUX0   
                                       Z80_INST/g5687/AN   NO2I1X1   
                                        Z80_INST/g5687/Q   NO2I1X1   
                                      Z80_INST/sw1__g6/A     BTHX1   
                                      Z80_INST/sw1__g6/Q     BTHX1   
       Z80_INST/FE_MDBC2_reg_file__cdn_loop_breaker220/A      BUX1   
      -------------------------------------------------------------  
      -----------------------------------------------------------  
                              Pin                           Cell   
      -----------------------------------------------------------  
       Z80_INST/FE_MDBC2_reg_file__cdn_loop_breaker220/A    BUX1   
       Z80_INST/FE_MDBC2_reg_file__cdn_loop_breaker220/Q    BUX1   
                               Z80_INST/reg_file__g162/A   BTHX1   
                               Z80_INST/reg_file__g162/Q   BTHX1   
                                        Z80_INST/g5682/A    INX1   
                                        Z80_INST/g5682/Q    INX1   
                               Z80_INST/reg_file__g154/A   ITHX0   
                               Z80_INST/reg_file__g154/Q   ITHX0   
       Z80_INST/FE_MDBC2_reg_file__cdn_loop_breaker220/A    BUX1   
      -----------------------------------------------------------  
      --------------------------------------------  
                      Pin                    Cell   
      --------------------------------------------  
                      Z80_INST/sw1__g11/Q   BTHX8   
       Z80_INST/sw1__cdn_loop_breaker28/A    BUX0   
       Z80_INST/sw1__cdn_loop_breaker28/Q    BUX0   
                      Z80_INST/sw1__g17/A   BTHX1   
                      Z80_INST/sw1__g17/Q   BTHX1   
                      Z80_INST/sw1__g11/A   BTHX8   
                      Z80_INST/sw1__g11/Q   BTHX8   
      --------------------------------------------  
      --------------------------------------------  
                      Pin                    Cell   
      --------------------------------------------  
                      Z80_INST/sw1__g13/Q   BTHX1   
       Z80_INST/sw1__cdn_loop_breaker29/A    BUX0   
       Z80_INST/sw1__cdn_loop_breaker29/Q    BUX0   
                      Z80_INST/sw1__g19/A   BTHX1   
                      Z80_INST/sw1__g19/Q   BTHX1   
                      Z80_INST/sw1__g13/A   BTHX1   
                      Z80_INST/sw1__g13/Q   BTHX1   
      --------------------------------------------  
      --------------------------------------------  
                      Pin                    Cell   
      --------------------------------------------  
                      Z80_INST/sw1__g12/Q   BTHX1   
       Z80_INST/sw1__cdn_loop_breaker30/A    BUX0   
       Z80_INST/sw1__cdn_loop_breaker30/Q    BUX0   
                      Z80_INST/sw1__g18/A   BTHX1   
                      Z80_INST/sw1__g18/Q   BTHX1   
                      Z80_INST/sw1__g12/A   BTHX1   
                      Z80_INST/sw1__g12/Q   BTHX1   
      --------------------------------------------  
      --------------------------------------------------  
                         Pin                       Cell   
      --------------------------------------------------  
                      Z80_INST/reg_file__g152/Q   ITHX0   
       Z80_INST/reg_file__cdn_loop_breaker216/A    BUX0   
       Z80_INST/reg_file__cdn_loop_breaker216/Q    BUX0   
                      Z80_INST/reg_file__g160/A   BTHX4   
                      Z80_INST/reg_file__g160/Q   BTHX4   
                               Z80_INST/g5686/A    INX1   
                               Z80_INST/g5686/Q    INX1   
                      Z80_INST/reg_file__g152/A   ITHX0   
                      Z80_INST/reg_file__g152/Q   ITHX0   
      --------------------------------------------------  
      --------------------------------------------  
                      Pin                    Cell   
      --------------------------------------------  
                      Z80_INST/sw2__g13/Q   BTHX1   
                       Z80_INST/sw2__g5/A   BTHX2   
                       Z80_INST/sw2__g5/Q   BTHX2   
       Z80_INST/sw2__cdn_loop_breaker22/A    BUX0   
       Z80_INST/sw2__cdn_loop_breaker22/Q    BUX0   
                      Z80_INST/sw2__g13/A   BTHX1   
                      Z80_INST/sw2__g13/Q   BTHX1   
      --------------------------------------------  
      --------------------------------------------------  
                         Pin                       Cell   
      --------------------------------------------------  
                      Z80_INST/reg_file__g168/Q   ITHX0   
       Z80_INST/reg_file__cdn_loop_breaker215/A    BUX0   
       Z80_INST/reg_file__cdn_loop_breaker215/Q    BUX0   
                      Z80_INST/reg_file__g176/A   BTHX1   
                      Z80_INST/reg_file__g176/Q   BTHX1   
                               Z80_INST/g5689/A    INX1   
                               Z80_INST/g5689/Q    INX1   
                      Z80_INST/reg_file__g168/A   ITHX0   
                      Z80_INST/reg_file__g168/Q   ITHX0   
      --------------------------------------------------  
      --------------------------------------------------------------  
                              Pin                            Cell     
      --------------------------------------------------------------  
                                 Z80_INST/FE_MDBC1_g630/A      BUX1   
                                 Z80_INST/FE_MDBC1_g630/Q      BUX1   
                                     Z80_INST/alu_/g677/A      INX1   
                                     Z80_INST/alu_/g677/Q      INX1   
                                       Z80_INST/alu_/g9/A     ITHX1   
                                       Z80_INST/alu_/g9/Q     ITHX1   
       Z80_INST/alu_/b2v_input_shift_cdn_loop_breaker49/A      BUX0   
       Z80_INST/alu_/b2v_input_shift_cdn_loop_breaker49/Q      BUX0   
                                     Z80_INST/alu_/g680/B    AND2X1   
                                     Z80_INST/alu_/g680/Q    AND2X1   
                                     Z80_INST/alu_/g679/E   AN221X0   
                                     Z80_INST/alu_/g679/Q   AN221X0   
                                      Z80_INST/alu_/g68/A     ITHX0   
                                      Z80_INST/alu_/g68/Q     ITHX0   
                                 Z80_INST/FE_MDBC1_g630/A      BUX1   
      --------------------------------------------------------------  
      --------------------------------------------------  
                         Pin                       Cell   
      --------------------------------------------------  
                      Z80_INST/reg_file__g150/Q   ITHX1   
       Z80_INST/reg_file__cdn_loop_breaker198/A    BUX0   
       Z80_INST/reg_file__cdn_loop_breaker198/Q    BUX0   
                      Z80_INST/reg_file__g158/A   BTHX1   
                      Z80_INST/reg_file__g158/Q   BTHX1   
                               Z80_INST/g5692/A    INX1   
                               Z80_INST/g5692/Q    INX1   
                      Z80_INST/reg_file__g150/A   ITHX1   
                      Z80_INST/reg_file__g150/Q   ITHX1   
      --------------------------------------------------  
      --------------------------------------------  
                      Pin                    Cell   
      --------------------------------------------  
                      Z80_INST/sw2__g11/Q   BTHX1   
                       Z80_INST/sw2__g3/A   BTHX1   
                       Z80_INST/sw2__g3/Q   BTHX1   
       Z80_INST/sw2__cdn_loop_breaker21/A    BUX0   
       Z80_INST/sw2__cdn_loop_breaker21/Q    BUX0   
                      Z80_INST/sw2__g11/A   BTHX1   
                      Z80_INST/sw2__g11/Q   BTHX1   
      --------------------------------------------  
      --------------------------------------------------  
                         Pin                       Cell   
      --------------------------------------------------  
                      Z80_INST/reg_file__g166/Q   ITHX0   
       Z80_INST/reg_file__cdn_loop_breaker197/A    BUX0   
       Z80_INST/reg_file__cdn_loop_breaker197/Q    BUX0   
                      Z80_INST/reg_file__g174/A   BTHX4   
                      Z80_INST/reg_file__g174/Q   BTHX4   
                               Z80_INST/g5693/A    INX1   
                               Z80_INST/g5693/Q    INX1   
                      Z80_INST/reg_file__g166/A   ITHX0   
                      Z80_INST/reg_file__g166/Q   ITHX0   
      --------------------------------------------------  
      --------------------------------------------------------------  
                              Pin                            Cell     
      --------------------------------------------------------------  
                                 Z80_INST/FE_MDBC0_g630/A      BUX1   
                                 Z80_INST/FE_MDBC0_g630/Q      BUX1   
                                     Z80_INST/alu_/g681/A      INX1   
                                     Z80_INST/alu_/g681/Q      INX1   
                                      Z80_INST/alu_/g15/A     ITHX1   
                                      Z80_INST/alu_/g15/Q     ITHX1   
       Z80_INST/alu_/b2v_input_shift_cdn_loop_breaker46/A      BUX0   
       Z80_INST/alu_/b2v_input_shift_cdn_loop_breaker46/Q      BUX0   
                                     Z80_INST/alu_/g691/B    AND2X1   
                                     Z80_INST/alu_/g691/Q    AND2X1   
                                     Z80_INST/alu_/g683/D   AN211X1   
                                     Z80_INST/alu_/g683/Q   AN211X1   
                                      Z80_INST/alu_/g74/A     ITHX1   
                                      Z80_INST/alu_/g74/Q     ITHX1   
                                 Z80_INST/FE_MDBC0_g630/A      BUX1   
      --------------------------------------------------------------  
      --------------------------------------------  
                      Pin                    Cell   
      --------------------------------------------  
                       Z80_INST/sw2__g9/Q   BTHX1   
                       Z80_INST/sw2__g1/A   BTHX1   
                       Z80_INST/sw2__g1/Q   BTHX1   
       Z80_INST/sw2__cdn_loop_breaker25/A    BUX0   
       Z80_INST/sw2__cdn_loop_breaker25/Q    BUX0   
                       Z80_INST/sw2__g9/A   BTHX1   
                       Z80_INST/sw2__g9/Q   BTHX1   
      --------------------------------------------  
      --------------------------------------------------  
                         Pin                       Cell   
      --------------------------------------------------  
                      Z80_INST/reg_file__g164/Q   ITHX1   
       Z80_INST/reg_file__cdn_loop_breaker205/A    BUX0   
       Z80_INST/reg_file__cdn_loop_breaker205/Q    BUX0   
                      Z80_INST/reg_file__g172/A   BTHX1   
                      Z80_INST/reg_file__g172/Q   BTHX1   
                               Z80_INST/g5671/A    INX1   
                               Z80_INST/g5671/Q    INX1   
                      Z80_INST/reg_file__g164/A   ITHX1   
                      Z80_INST/reg_file__g164/Q   ITHX1   
      --------------------------------------------------  
      --------------------------------------------------  
                         Pin                       Cell   
      --------------------------------------------------  
                      Z80_INST/reg_file__g165/Q   ITHX0   
       Z80_INST/reg_file__cdn_loop_breaker210/A    BUX0   
       Z80_INST/reg_file__cdn_loop_breaker210/Q    BUX0   
                      Z80_INST/reg_file__g173/A   BTHX1   
                      Z80_INST/reg_file__g173/Q   BTHX1   
                               Z80_INST/g5694/A    INX1   
                               Z80_INST/g5694/Q    INX1   
                      Z80_INST/reg_file__g165/A   ITHX0   
                      Z80_INST/reg_file__g165/Q   ITHX0   
      --------------------------------------------------  
      ------------------------------------------  
                     Pin                   Cell   
      ------------------------------------------  
                    Z80_INST/sw2__g10/Q   BTHX0   
       Z80_INST/sw2__cdn_loop_breaker/A    BUX0   
       Z80_INST/sw2__cdn_loop_breaker/Q    BUX0   
                     Z80_INST/sw2__g2/A   BTHX1   
                     Z80_INST/sw2__g2/Q   BTHX1   
                    Z80_INST/sw2__g10/A   BTHX0   
                    Z80_INST/sw2__g10/Q   BTHX0   
      ------------------------------------------  
      --------------------------------------------------------------  
                              Pin                            Cell     
      --------------------------------------------------------------  
                                      Z80_INST/alu_/g14/Q     ITHX0   
       Z80_INST/alu_/b2v_input_shift_cdn_loop_breaker44/A      BUX0   
       Z80_INST/alu_/b2v_input_shift_cdn_loop_breaker44/Q      BUX0   
                                     Z80_INST/alu_/g703/B    AND2X1   
                                     Z80_INST/alu_/g703/Q    AND2X1   
                                     Z80_INST/alu_/g689/D   AN211X0   
                                     Z80_INST/alu_/g689/Q   AN211X0   
                                      Z80_INST/alu_/g73/A     ITHX1   
                                      Z80_INST/alu_/g73/Q     ITHX1   
                                     Z80_INST/alu_/g686/A      INX1   
                                     Z80_INST/alu_/g686/Q      INX1   
                                      Z80_INST/alu_/g14/A     ITHX0   
                                      Z80_INST/alu_/g14/Q     ITHX0   
      --------------------------------------------------------------  
      --------------------------------------------------------------  
                              Pin                            Cell     
      --------------------------------------------------------------  
                                      Z80_INST/alu_/g13/Q     ITHX1   
       Z80_INST/alu_/b2v_input_shift_cdn_loop_breaker54/A      BUX0   
       Z80_INST/alu_/b2v_input_shift_cdn_loop_breaker54/Q      BUX0   
                                     Z80_INST/alu_/g656/B    AND2X1   
                                     Z80_INST/alu_/g656/Q    AND2X1   
                                     Z80_INST/alu_/g644/C   AN211X0   
                                     Z80_INST/alu_/g644/Q   AN211X0   
                                      Z80_INST/alu_/g72/A     ITHX0   
                                      Z80_INST/alu_/g72/Q     ITHX0   
                                     Z80_INST/alu_/g635/A      INX1   
                                     Z80_INST/alu_/g635/Q      INX1   
                                      Z80_INST/alu_/g13/A     ITHX1   
                                      Z80_INST/alu_/g13/Q     ITHX1   
      --------------------------------------------------------------  
      --------------------------------------------------  
                         Pin                       Cell   
      --------------------------------------------------  
                      Z80_INST/reg_file__g151/Q   ITHX0   
       Z80_INST/reg_file__cdn_loop_breaker202/A    BUX0   
       Z80_INST/reg_file__cdn_loop_breaker202/Q    BUX0   
                      Z80_INST/reg_file__g159/A   BTHX1   
                      Z80_INST/reg_file__g159/Q   BTHX1   
                               Z80_INST/g5685/A    INX1   
                               Z80_INST/g5685/Q    INX1   
                      Z80_INST/reg_file__g151/A   ITHX0   
                      Z80_INST/reg_file__g151/Q   ITHX0   
      --------------------------------------------------  
      --------------------------------------------  
                      Pin                    Cell   
      --------------------------------------------  
                      Z80_INST/sw2__g12/Q   BTHX1   
                       Z80_INST/sw2__g4/A   BTHX1   
                       Z80_INST/sw2__g4/Q   BTHX1   
       Z80_INST/sw2__cdn_loop_breaker23/A    BUX0   
       Z80_INST/sw2__cdn_loop_breaker23/Q    BUX0   
                      Z80_INST/sw2__g12/A   BTHX1   
                      Z80_INST/sw2__g12/Q   BTHX1   
      --------------------------------------------  
      --------------------------------------------------  
                         Pin                       Cell   
      --------------------------------------------------  
                      Z80_INST/reg_file__g167/Q   ITHX0   
       Z80_INST/reg_file__cdn_loop_breaker201/A    BUX0   
       Z80_INST/reg_file__cdn_loop_breaker201/Q    BUX0   
                      Z80_INST/reg_file__g175/A   BTHX1   
                      Z80_INST/reg_file__g175/Q   BTHX1   
                               Z80_INST/g5688/A    INX1   
                               Z80_INST/g5688/Q    INX1   
                      Z80_INST/reg_file__g167/A   ITHX0   
                      Z80_INST/reg_file__g167/Q   ITHX0   
      --------------------------------------------------  
      --------------------------------------------------------------  
                              Pin                            Cell     
      --------------------------------------------------------------  
                                      Z80_INST/alu_/g16/Q     ITHX1   
       Z80_INST/alu_/b2v_input_shift_cdn_loop_breaker50/A      BUX0   
       Z80_INST/alu_/b2v_input_shift_cdn_loop_breaker50/Q      BUX0   
                                     Z80_INST/alu_/g676/B    AND2X1   
                                     Z80_INST/alu_/g676/Q    AND2X1   
                                     Z80_INST/alu_/g672/C   AN211X0   
                                     Z80_INST/alu_/g672/Q   AN211X0   
                                      Z80_INST/alu_/g75/A     ITHX1   
                                      Z80_INST/alu_/g75/Q     ITHX1   
                                     Z80_INST/alu_/g669/A      INX1   
                                     Z80_INST/alu_/g669/Q      INX1   
                                      Z80_INST/alu_/g16/A     ITHX1   
                                      Z80_INST/alu_/g16/Q     ITHX1   
      --------------------------------------------------------------  
      --------------------------------------------  
                      Pin                    Cell   
      --------------------------------------------  
                      Z80_INST/sw2__g14/Q   BTHX1   
                       Z80_INST/sw2__g6/A   BTHX1   
                       Z80_INST/sw2__g6/Q   BTHX1   
       Z80_INST/sw2__cdn_loop_breaker26/A    BUX0   
       Z80_INST/sw2__cdn_loop_breaker26/Q    BUX0   
                      Z80_INST/sw2__g14/A   BTHX1   
                      Z80_INST/sw2__g14/Q   BTHX1   
      --------------------------------------------  
      --------------------------------------------------  
                         Pin                       Cell   
      --------------------------------------------------  
                      Z80_INST/reg_file__g169/Q   ITHX0   
       Z80_INST/reg_file__cdn_loop_breaker212/A    BUX0   
       Z80_INST/reg_file__cdn_loop_breaker212/Q    BUX0   
                      Z80_INST/reg_file__g177/A   BTHX1   
                      Z80_INST/reg_file__g177/Q   BTHX1   
                               Z80_INST/g5668/A    INX1   
                               Z80_INST/g5668/Q    INX1   
                      Z80_INST/reg_file__g169/A   ITHX0   
                      Z80_INST/reg_file__g169/Q   ITHX0   
      --------------------------------------------------  
      --------------------------------------------------------------  
                              Pin                            Cell     
      --------------------------------------------------------------  
                                      Z80_INST/alu_/g10/Q     ITHX0   
       Z80_INST/alu_/b2v_input_shift_cdn_loop_breaker55/A      BUX0   
       Z80_INST/alu_/b2v_input_shift_cdn_loop_breaker55/Q      BUX0   
                                     Z80_INST/alu_/g659/B    AND2X1   
                                     Z80_INST/alu_/g659/Q    AND2X1   
                                     Z80_INST/alu_/g642/C   AN211X0   
                                     Z80_INST/alu_/g642/Q   AN211X0   
                                      Z80_INST/alu_/g69/A     ITHX1   
                                      Z80_INST/alu_/g69/Q     ITHX1   
                                     Z80_INST/alu_/g637/A      INX1   
                                     Z80_INST/alu_/g637/Q      INX1   
                                      Z80_INST/alu_/g10/A     ITHX0   
                                      Z80_INST/alu_/g10/Q     ITHX0   
      --------------------------------------------------------------  
      --------------------------------------------  
                      Pin                    Cell   
      --------------------------------------------  
                      Z80_INST/sw2__g16/Q   BTHX1   
                       Z80_INST/sw2__g8/A   BTHX1   
                       Z80_INST/sw2__g8/Q   BTHX1   
       Z80_INST/sw2__cdn_loop_breaker27/A    BUX0   
       Z80_INST/sw2__cdn_loop_breaker27/Q    BUX0   
                      Z80_INST/sw2__g16/A   BTHX1   
                      Z80_INST/sw2__g16/Q   BTHX1   
      --------------------------------------------  
      --------------------------------------------------  
                         Pin                       Cell   
      --------------------------------------------------  
                      Z80_INST/reg_file__g171/Q   ITHX0   
       Z80_INST/reg_file__cdn_loop_breaker223/A    BUX0   
       Z80_INST/reg_file__cdn_loop_breaker223/Q    BUX0   
                      Z80_INST/reg_file__g179/A   BTHX1   
                      Z80_INST/reg_file__g179/Q   BTHX1   
                               Z80_INST/g5670/A    INX1   
                               Z80_INST/g5670/Q    INX1   
                      Z80_INST/reg_file__g171/A   ITHX0   
                      Z80_INST/reg_file__g171/Q   ITHX0   
      --------------------------------------------------  
      --------------------------------------------------------------  
                              Pin                            Cell     
      --------------------------------------------------------------  
                                      Z80_INST/alu_/g11/Q     ITHX1   
       Z80_INST/alu_/b2v_input_shift_cdn_loop_breaker53/A      BUX0   
       Z80_INST/alu_/b2v_input_shift_cdn_loop_breaker53/Q      BUX0   
                                     Z80_INST/alu_/g668/B    AND2X1   
                                     Z80_INST/alu_/g668/Q    AND2X1   
                                     Z80_INST/alu_/g665/D   AN211X0   
                                     Z80_INST/alu_/g665/Q   AN211X0   
                                      Z80_INST/alu_/g70/A     ITHX0   
                                      Z80_INST/alu_/g70/Q     ITHX0   
                                     Z80_INST/alu_/g663/A      INX1   
                                     Z80_INST/alu_/g663/Q      INX1   
                                      Z80_INST/alu_/g11/A     ITHX1   
                                      Z80_INST/alu_/g11/Q     ITHX1   
      --------------------------------------------------------------  
      --------------------------------------------------------------  
                              Pin                            Cell     
      --------------------------------------------------------------  
                                      Z80_INST/alu_/g12/Q     ITHX0   
       Z80_INST/alu_/b2v_input_shift_cdn_loop_breaker56/A      BUX0   
       Z80_INST/alu_/b2v_input_shift_cdn_loop_breaker56/Q      BUX0   
                                     Z80_INST/alu_/g658/B    AND2X1   
                                     Z80_INST/alu_/g658/Q    AND2X1   
                                     Z80_INST/alu_/g641/C   AN211X0   
                                     Z80_INST/alu_/g641/Q   AN211X0   
                                      Z80_INST/alu_/g71/A     ITHX1   
                                      Z80_INST/alu_/g71/Q     ITHX1   
                                     Z80_INST/alu_/g636/A      INX1   
                                     Z80_INST/alu_/g636/Q      INX1   
                                      Z80_INST/alu_/g12/A     ITHX0   
                                      Z80_INST/alu_/g12/Q     ITHX0   
      --------------------------------------------------------------  
      -----------------------------------------------  
                        Pin                     Cell   
      -----------------------------------------------  
       Z80_INST/reg_file__cdn_loop_breaker/A    BUX0   
       Z80_INST/reg_file__cdn_loop_breaker/Q    BUX0   
                   Z80_INST/reg_file__g120/A   BTHX1   
                   Z80_INST/reg_file__g120/Q   BTHX1   
                            Z80_INST/g5686/A    INX1   
                            Z80_INST/g5686/Q    INX1   
                   Z80_INST/reg_file__g128/A   ITHX1   
                   Z80_INST/reg_file__g128/Q   ITHX1   
       Z80_INST/reg_file__cdn_loop_breaker/A    BUX0   
      -----------------------------------------------  
      --------------------------------------------------  
                         Pin                       Cell   
      --------------------------------------------------  
       Z80_INST/reg_file__cdn_loop_breaker194/A    BUX0   
       Z80_INST/reg_file__cdn_loop_breaker194/Q    BUX0   
                      Z80_INST/reg_file__g136/A   BTHX1   
                      Z80_INST/reg_file__g136/Q   BTHX1   
                               Z80_INST/g5689/A    INX1   
                               Z80_INST/g5689/Q    INX1   
                      Z80_INST/reg_file__g144/A   ITLX1   
                      Z80_INST/reg_file__g144/Q   ITLX1   
       Z80_INST/reg_file__cdn_loop_breaker194/A    BUX0   
      --------------------------------------------------  
      --------------------------------------------------  
                         Pin                       Cell   
      --------------------------------------------------  
       Z80_INST/reg_file__cdn_loop_breaker196/A    BUX0   
       Z80_INST/reg_file__cdn_loop_breaker196/Q    BUX0   
                      Z80_INST/reg_file__g134/A   BTHX1   
                      Z80_INST/reg_file__g134/Q   BTHX1   
                               Z80_INST/g5693/A    INX1   
                               Z80_INST/g5693/Q    INX1   
                      Z80_INST/reg_file__g142/A   ITLX1   
                      Z80_INST/reg_file__g142/Q   ITLX1   
       Z80_INST/reg_file__cdn_loop_breaker196/A    BUX0   
      --------------------------------------------------  
      --------------------------------------------------  
                         Pin                       Cell   
      --------------------------------------------------  
       Z80_INST/reg_file__cdn_loop_breaker199/A    BUX0   
       Z80_INST/reg_file__cdn_loop_breaker199/Q    BUX0   
                      Z80_INST/reg_file__g119/A   BTHX1   
                      Z80_INST/reg_file__g119/Q   BTHX1   
                               Z80_INST/g5685/A    INX1   
                               Z80_INST/g5685/Q    INX1   
                      Z80_INST/reg_file__g127/A   ITHX0   
                      Z80_INST/reg_file__g127/Q   ITHX0   
       Z80_INST/reg_file__cdn_loop_breaker199/A    BUX0   
      --------------------------------------------------  
      --------------------------------------------------  
                         Pin                       Cell   
      --------------------------------------------------  
       Z80_INST/reg_file__cdn_loop_breaker200/A    BUX0   
       Z80_INST/reg_file__cdn_loop_breaker200/Q    BUX0   
                      Z80_INST/reg_file__g135/A   BTHX1   
                      Z80_INST/reg_file__g135/Q   BTHX1   
                               Z80_INST/g5688/A    INX1   
                               Z80_INST/g5688/Q    INX1   
                      Z80_INST/reg_file__g143/A   ITLX0   
                      Z80_INST/reg_file__g143/Q   ITLX0   
       Z80_INST/reg_file__cdn_loop_breaker200/A    BUX0   
      --------------------------------------------------  
      --------------------------------------------------  
                         Pin                       Cell   
      --------------------------------------------------  
       Z80_INST/reg_file__cdn_loop_breaker203/A    BUX0   
       Z80_INST/reg_file__cdn_loop_breaker203/Q    BUX0   
                      Z80_INST/reg_file__g133/A   BTHX1   
                      Z80_INST/reg_file__g133/Q   BTHX1   
                               Z80_INST/g5694/A    INX1   
                               Z80_INST/g5694/Q    INX1   
                      Z80_INST/reg_file__g141/A   ITLX0   
                      Z80_INST/reg_file__g141/Q   ITLX0   
       Z80_INST/reg_file__cdn_loop_breaker203/A    BUX0   
      --------------------------------------------------  
      --------------------------------------------------  
                         Pin                       Cell   
      --------------------------------------------------  
       Z80_INST/reg_file__cdn_loop_breaker204/A    BUX0   
       Z80_INST/reg_file__cdn_loop_breaker204/Q    BUX0   
                      Z80_INST/reg_file__g132/A   BTHX1   
                      Z80_INST/reg_file__g132/Q   BTHX1   
                               Z80_INST/g5671/A    INX1   
                               Z80_INST/g5671/Q    INX1   
                      Z80_INST/reg_file__g140/A   ITLX0   
                      Z80_INST/reg_file__g140/Q   ITLX0   
       Z80_INST/reg_file__cdn_loop_breaker204/A    BUX0   
      --------------------------------------------------  
      --------------------------------------------------  
                         Pin                       Cell   
      --------------------------------------------------  
       Z80_INST/reg_file__cdn_loop_breaker206/A    BUX0   
       Z80_INST/reg_file__cdn_loop_breaker206/Q    BUX0   
                      Z80_INST/reg_file__g116/A   BTHX1   
                      Z80_INST/reg_file__g116/Q   BTHX1   
                               Z80_INST/g5672/A    INX1   
                               Z80_INST/g5672/Q    INX1   
                      Z80_INST/reg_file__g124/A   ITHX0   
                      Z80_INST/reg_file__g124/Q   ITHX0   
       Z80_INST/reg_file__cdn_loop_breaker206/A    BUX0   
      --------------------------------------------------  
      ----------------------------------------------  
                      Pin                    Cell     
      ----------------------------------------------  
                       Z80_INST/sw1__g3/Q     BTHX1   
                       Z80_INST/sw1__g9/A     BTHX1   
                       Z80_INST/sw1__g9/Q     BTHX1   
       Z80_INST/sw1__cdn_loop_breaker32/A      BUX0   
       Z80_INST/sw1__cdn_loop_breaker32/Q      BUX0   
                        Z80_INST/g5662/AN   NO2I1X1   
                         Z80_INST/g5662/Q   NO2I1X1   
                       Z80_INST/sw1__g3/A     BTHX1   
                       Z80_INST/sw1__g3/Q     BTHX1   
      ----------------------------------------------  
      --------------------------------------------------  
                         Pin                       Cell   
      --------------------------------------------------  
       Z80_INST/reg_file__cdn_loop_breaker207/A    BUX0   
       Z80_INST/reg_file__cdn_loop_breaker207/Q    BUX0   
                      Z80_INST/reg_file__g156/A   BTHX1   
                      Z80_INST/reg_file__g156/Q   BTHX1   
                               Z80_INST/g5672/A    INX1   
                               Z80_INST/g5672/Q    INX1   
                      Z80_INST/reg_file__g148/A   ITHX0   
                      Z80_INST/reg_file__g148/Q   ITHX0   
       Z80_INST/reg_file__cdn_loop_breaker207/A    BUX0   
      --------------------------------------------------  
      --------------------------------------------  
                     Pin                   Cell     
      --------------------------------------------  
                     Z80_INST/sw1__g4/Q     BTHX1   
                    Z80_INST/sw1__g10/A     BTHX1   
                    Z80_INST/sw1__g10/Q     BTHX1   
       Z80_INST/sw1__cdn_loop_breaker/A      BUX0   
       Z80_INST/sw1__cdn_loop_breaker/Q      BUX0   
                      Z80_INST/g5749/AN   NO2I1X1   
                       Z80_INST/g5749/Q   NO2I1X1   
                     Z80_INST/sw1__g4/A     BTHX1   
                     Z80_INST/sw1__g4/Q     BTHX1   
      --------------------------------------------  
      --------------------------------------------------  
                         Pin                       Cell   
      --------------------------------------------------  
                               Z80_INST/g5708/Q    INX1   
                      Z80_INST/reg_file__g149/A   ITHX0   
                      Z80_INST/reg_file__g149/Q   ITHX0   
       Z80_INST/reg_file__cdn_loop_breaker209/A    BUX0   
       Z80_INST/reg_file__cdn_loop_breaker209/Q    BUX0   
                      Z80_INST/reg_file__g157/A   BTHX1   
                      Z80_INST/reg_file__g157/Q   BTHX1   
                               Z80_INST/g5708/A    INX1   
                               Z80_INST/g5708/Q    INX1   
      --------------------------------------------------  
      --------------------------------------------------  
                         Pin                       Cell   
      --------------------------------------------------  
       Z80_INST/reg_file__cdn_loop_breaker208/A    BUX0   
       Z80_INST/reg_file__cdn_loop_breaker208/Q    BUX0   
                      Z80_INST/reg_file__g117/A   BTHX1   
                      Z80_INST/reg_file__g117/Q   BTHX1   
                               Z80_INST/g5708/A    INX1   
                               Z80_INST/g5708/Q    INX1   
                      Z80_INST/reg_file__g125/A   ITHX0   
                      Z80_INST/reg_file__g125/Q   ITHX0   
       Z80_INST/reg_file__cdn_loop_breaker208/A    BUX0   
      --------------------------------------------------  
      --------------------------------------------------  
                         Pin                       Cell   
      --------------------------------------------------  
       Z80_INST/reg_file__cdn_loop_breaker211/A    BUX0   
       Z80_INST/reg_file__cdn_loop_breaker211/Q    BUX0   
                      Z80_INST/reg_file__g137/A   BTHX1   
                      Z80_INST/reg_file__g137/Q   BTHX1   
                               Z80_INST/g5668/A    INX1   
                               Z80_INST/g5668/Q    INX1   
                      Z80_INST/reg_file__g145/A   ITLX0   
                      Z80_INST/reg_file__g145/Q   ITLX0   
       Z80_INST/reg_file__cdn_loop_breaker211/A    BUX0   
      --------------------------------------------------  
      --------------------------------------------------  
                         Pin                       Cell   
      --------------------------------------------------  
       Z80_INST/reg_file__cdn_loop_breaker213/A    BUX0   
       Z80_INST/reg_file__cdn_loop_breaker213/Q    BUX0   
                      Z80_INST/reg_file__g121/A   BTHX1   
                      Z80_INST/reg_file__g121/Q   BTHX1   
                               Z80_INST/g5669/A    INX1   
                               Z80_INST/g5669/Q    INX1   
                      Z80_INST/reg_file__g129/A   ITHX0   
                      Z80_INST/reg_file__g129/Q   ITHX0   
       Z80_INST/reg_file__cdn_loop_breaker213/A    BUX0   
      --------------------------------------------------  
      ----------------------------------------------  
                      Pin                    Cell     
      ----------------------------------------------  
                       Z80_INST/sw1__g5/Q     BTHX1   
                      Z80_INST/sw1__g14/A     BTHX1   
                      Z80_INST/sw1__g14/Q     BTHX1   
       Z80_INST/sw1__cdn_loop_breaker33/A      BUX0   
       Z80_INST/sw1__cdn_loop_breaker33/Q      BUX0   
                        Z80_INST/g5664/AN   NO2I1X1   
                         Z80_INST/g5664/Q   NO2I1X1   
                       Z80_INST/sw1__g5/A     BTHX1   
                       Z80_INST/sw1__g5/Q     BTHX1   
      ----------------------------------------------  
      --------------------------------------------------  
                         Pin                       Cell   
      --------------------------------------------------  
       Z80_INST/reg_file__cdn_loop_breaker214/A    BUX0   
       Z80_INST/reg_file__cdn_loop_breaker214/Q    BUX0   
                      Z80_INST/reg_file__g161/A   BTHX1   
                      Z80_INST/reg_file__g161/Q   BTHX1   
                               Z80_INST/g5669/A    INX1   
                               Z80_INST/g5669/Q    INX1   
                      Z80_INST/reg_file__g153/A   ITHX0   
                      Z80_INST/reg_file__g153/Q   ITHX0   
       Z80_INST/reg_file__cdn_loop_breaker214/A    BUX0   
      --------------------------------------------------  
      --------------------------------------------------  
                         Pin                       Cell   
      --------------------------------------------------  
       Z80_INST/reg_file__cdn_loop_breaker217/A    BUX0   
       Z80_INST/reg_file__cdn_loop_breaker217/Q    BUX0   
                      Z80_INST/reg_file__g139/A   BTHX1   
                      Z80_INST/reg_file__g139/Q   BTHX1   
                               Z80_INST/g5670/A    INX1   
                               Z80_INST/g5670/Q    INX1   
                      Z80_INST/reg_file__g147/A   ITLX0   
                      Z80_INST/reg_file__g147/Q   ITLX0   
       Z80_INST/reg_file__cdn_loop_breaker217/A    BUX0   
      --------------------------------------------------  
      --------------------------------------------------  
                         Pin                       Cell   
      --------------------------------------------------  
       Z80_INST/reg_file__cdn_loop_breaker218/A    BUX0   
       Z80_INST/reg_file__cdn_loop_breaker218/Q    BUX0   
                      Z80_INST/reg_file__g138/A   BTHX1   
                      Z80_INST/reg_file__g138/Q   BTHX1   
                               Z80_INST/g5681/A    INX1   
                               Z80_INST/g5681/Q    INX1   
                      Z80_INST/reg_file__g146/A   ITLX0   
                      Z80_INST/reg_file__g146/Q   ITLX0   
       Z80_INST/reg_file__cdn_loop_breaker218/A    BUX0   
      --------------------------------------------------  
      --------------------------------------------------  
                         Pin                       Cell   
      --------------------------------------------------  
       Z80_INST/reg_file__cdn_loop_breaker219/A    BUX0   
       Z80_INST/reg_file__cdn_loop_breaker219/Q    BUX0   
                      Z80_INST/reg_file__g122/A   BTHX1   
                      Z80_INST/reg_file__g122/Q   BTHX1   
                               Z80_INST/g5682/A    INX1   
                               Z80_INST/g5682/Q    INX1   
                      Z80_INST/reg_file__g130/A   ITHX0   
                      Z80_INST/reg_file__g130/Q   ITHX0   
       Z80_INST/reg_file__cdn_loop_breaker219/A    BUX0   
      --------------------------------------------------  
      --------------------------------------------------  
                         Pin                       Cell   
      --------------------------------------------------  
       Z80_INST/reg_file__cdn_loop_breaker222/A    BUX0   
       Z80_INST/reg_file__cdn_loop_breaker222/Q    BUX0   
                      Z80_INST/reg_file__g123/A   BTHX1   
                      Z80_INST/reg_file__g123/Q   BTHX1   
                               Z80_INST/g5673/A    INX1   
                               Z80_INST/g5673/Q    INX1   
                      Z80_INST/reg_file__g131/A   ITHX0   
                      Z80_INST/reg_file__g131/Q   ITHX0   
       Z80_INST/reg_file__cdn_loop_breaker222/A    BUX0   
      --------------------------------------------------  
      ----------------------------------------------  
                      Pin                    Cell     
      ----------------------------------------------  
                       Z80_INST/sw1__g7/Q     BTHX1   
                      Z80_INST/sw1__g16/A     BTHX1   
                      Z80_INST/sw1__g16/Q     BTHX1   
       Z80_INST/sw1__cdn_loop_breaker34/A      BUX0   
       Z80_INST/sw1__cdn_loop_breaker34/Q      BUX0   
                        Z80_INST/g5663/AN   NO2I1X1   
                         Z80_INST/g5663/Q   NO2I1X1   
                       Z80_INST/sw1__g7/A     BTHX1   
                       Z80_INST/sw1__g7/Q     BTHX1   
      ----------------------------------------------  
      --------------------------------------------------  
                         Pin                       Cell   
      --------------------------------------------------  
       Z80_INST/reg_file__cdn_loop_breaker224/A    BUX0   
       Z80_INST/reg_file__cdn_loop_breaker224/Q    BUX0   
                      Z80_INST/reg_file__g163/A   BTHX1   
                      Z80_INST/reg_file__g163/Q   BTHX1   
                               Z80_INST/g5673/A    INX1   
                               Z80_INST/g5673/Q    INX1   
                      Z80_INST/reg_file__g155/A   ITHX0   
                      Z80_INST/reg_file__g155/Q   ITHX0   
       Z80_INST/reg_file__cdn_loop_breaker224/A    BUX0   
      --------------------------------------------------  
